running egg_info
writing ../../build/keyboard_teleop/keyboard_teleop.egg-info/PKG-INFO
writing dependency_links to ../../build/keyboard_teleop/keyboard_teleop.egg-info/dependency_links.txt
writing entry points to ../../build/keyboard_teleop/keyboard_teleop.egg-info/entry_points.txt
writing requirements to ../../build/keyboard_teleop/keyboard_teleop.egg-info/requires.txt
writing top-level names to ../../build/keyboard_teleop/keyboard_teleop.egg-info/top_level.txt
reading manifest file '../../build/keyboard_teleop/keyboard_teleop.egg-info/SOURCES.txt'
writing manifest file '../../build/keyboard_teleop/keyboard_teleop.egg-info/SOURCES.txt'
running build
running build_py
copying keyboard_teleop/keyboard_teleop_node.py -> /root/workspaces/ros2_ws/build/keyboard_teleop/build/lib/keyboard_teleop
running install
running install_lib
copying /root/workspaces/ros2_ws/build/keyboard_teleop/build/lib/keyboard_teleop/keyboard_teleop_node.py -> /root/workspaces/ros2_ws/install/keyboard_teleop/lib/python3.12/site-packages/keyboard_teleop
byte-compiling /root/workspaces/ros2_ws/install/keyboard_teleop/lib/python3.12/site-packages/keyboard_teleop/keyboard_teleop_node.py to keyboard_teleop_node.cpython-312.pyc
running install_data
running install_egg_info
removing '/root/workspaces/ros2_ws/install/keyboard_teleop/lib/python3.12/site-packages/keyboard_teleop-0.0.0-py3.12.egg-info' (and everything under it)
Copying ../../build/keyboard_teleop/keyboard_teleop.egg-info to /root/workspaces/ros2_ws/install/keyboard_teleop/lib/python3.12/site-packages/keyboard_teleop-0.0.0-py3.12.egg-info
running install_scripts
Installing keyboard_teleop script to /root/workspaces/ros2_ws/install/keyboard_teleop/lib/keyboard_teleop
writing list of installed files to '/root/workspaces/ros2_ws/build/keyboard_teleop/install.log'
