[2.137s] Invoking command in '/root/workspaces/ros2_ws/src/keyboard_teleop': PYTHONPATH=/root/workspaces/ros2_ws/build/keyboard_teleop/prefix_override:/usr/lib/python3/dist-packages/colcon_core/task/python/colcon_distutils_commands:/root/workspaces/ros2_ws/install/keyboard_teleop/lib/python3.12/site-packages:${PYTHONPATH} /usr/bin/python3 -W ignore:setup.py install is deprecated -W ignore:easy_install command is deprecated setup.py egg_info --egg-base ../../build/keyboard_teleop build --build-base /root/workspaces/ros2_ws/build/keyboard_teleop/build install --record /root/workspaces/ros2_ws/build/keyboard_teleop/install.log --single-version-externally-managed install_data
[2.583s] running egg_info
[2.614s] writing ../../build/keyboard_teleop/keyboard_teleop.egg-info/PKG-INFO
[2.649s] writing dependency_links to ../../build/keyboard_teleop/keyboard_teleop.egg-info/dependency_links.txt
[2.670s] writing entry points to ../../build/keyboard_teleop/keyboard_teleop.egg-info/entry_points.txt
[2.691s] writing requirements to ../../build/keyboard_teleop/keyboard_teleop.egg-info/requires.txt
[2.713s] writing top-level names to ../../build/keyboard_teleop/keyboard_teleop.egg-info/top_level.txt
[2.848s] reading manifest file '../../build/keyboard_teleop/keyboard_teleop.egg-info/SOURCES.txt'
[2.864s] writing manifest file '../../build/keyboard_teleop/keyboard_teleop.egg-info/SOURCES.txt'
[2.885s] running build
[2.904s] running build_py
[2.925s] copying keyboard_teleop/keyboard_teleop_node.py -> /root/workspaces/ros2_ws/build/keyboard_teleop/build/lib/keyboard_teleop
[2.954s] running install
[2.974s] running install_lib
[2.998s] copying /root/workspaces/ros2_ws/build/keyboard_teleop/build/lib/keyboard_teleop/keyboard_teleop_node.py -> /root/workspaces/ros2_ws/install/keyboard_teleop/lib/python3.12/site-packages/keyboard_teleop
[3.035s] byte-compiling /root/workspaces/ros2_ws/install/keyboard_teleop/lib/python3.12/site-packages/keyboard_teleop/keyboard_teleop_node.py to keyboard_teleop_node.cpython-312.pyc
[3.075s] running install_data
[3.090s] running install_egg_info
[3.126s] removing '/root/workspaces/ros2_ws/install/keyboard_teleop/lib/python3.12/site-packages/keyboard_teleop-0.0.0-py3.12.egg-info' (and everything under it)
[3.185s] Copying ../../build/keyboard_teleop/keyboard_teleop.egg-info to /root/workspaces/ros2_ws/install/keyboard_teleop/lib/python3.12/site-packages/keyboard_teleop-0.0.0-py3.12.egg-info
[3.452s] running install_scripts
[3.769s] Installing keyboard_teleop script to /root/workspaces/ros2_ws/install/keyboard_teleop/lib/keyboard_teleop
[3.789s] writing list of installed files to '/root/workspaces/ros2_ws/build/keyboard_teleop/install.log'
[3.858s] Invoked command in '/root/workspaces/ros2_ws/src/keyboard_teleop' returned '0': PYTHONPATH=/root/workspaces/ros2_ws/build/keyboard_teleop/prefix_override:/usr/lib/python3/dist-packages/colcon_core/task/python/colcon_distutils_commands:/root/workspaces/ros2_ws/install/keyboard_teleop/lib/python3.12/site-packages:${PYTHONPATH} /usr/bin/python3 -W ignore:setup.py install is deprecated -W ignore:easy_install command is deprecated setup.py egg_info --egg-base ../../build/keyboard_teleop build --build-base /root/workspaces/ros2_ws/build/keyboard_teleop/build install --record /root/workspaces/ros2_ws/build/keyboard_teleop/install.log --single-version-externally-managed install_data
