running egg_info
creating ../../build/keyboard_teleop/keyboard_teleop.egg-info
writing ../../build/keyboard_teleop/keyboard_teleop.egg-info/PKG-INFO
writing dependency_links to ../../build/keyboard_teleop/keyboard_teleop.egg-info/dependency_links.txt
writing entry points to ../../build/keyboard_teleop/keyboard_teleop.egg-info/entry_points.txt
writing requirements to ../../build/keyboard_teleop/keyboard_teleop.egg-info/requires.txt
writing top-level names to ../../build/keyboard_teleop/keyboard_teleop.egg-info/top_level.txt
writing manifest file '../../build/keyboard_teleop/keyboard_teleop.egg-info/SOURCES.txt'
reading manifest file '../../build/keyboard_teleop/keyboard_teleop.egg-info/SOURCES.txt'
writing manifest file '../../build/keyboard_teleop/keyboard_teleop.egg-info/SOURCES.txt'
running build
running build_py
creating /root/workspaces/ros2_ws/build/keyboard_teleop/build
creating /root/workspaces/ros2_ws/build/keyboard_teleop/build/lib
creating /root/workspaces/ros2_ws/build/keyboard_teleop/build/lib/keyboard_teleop
copying keyboard_teleop/__init__.py -> /root/workspaces/ros2_ws/build/keyboard_teleop/build/lib/keyboard_teleop
running install
running install_lib
creating /root/workspaces/ros2_ws/install/keyboard_teleop/lib/python3.12/site-packages/keyboard_teleop
copying /root/workspaces/ros2_ws/build/keyboard_teleop/build/lib/keyboard_teleop/__init__.py -> /root/workspaces/ros2_ws/install/keyboard_teleop/lib/python3.12/site-packages/keyboard_teleop
byte-compiling /root/workspaces/ros2_ws/install/keyboard_teleop/lib/python3.12/site-packages/keyboard_teleop/__init__.py to __init__.cpython-312.pyc
running install_data
creating /root/workspaces/ros2_ws/install/keyboard_teleop/share/ament_index
creating /root/workspaces/ros2_ws/install/keyboard_teleop/share/ament_index/resource_index
creating /root/workspaces/ros2_ws/install/keyboard_teleop/share/ament_index/resource_index/packages
copying resource/keyboard_teleop -> /root/workspaces/ros2_ws/install/keyboard_teleop/share/ament_index/resource_index/packages
copying package.xml -> /root/workspaces/ros2_ws/install/keyboard_teleop/share/keyboard_teleop
running install_egg_info
Copying ../../build/keyboard_teleop/keyboard_teleop.egg-info to /root/workspaces/ros2_ws/install/keyboard_teleop/lib/python3.12/site-packages/keyboard_teleop-0.0.0-py3.12.egg-info
running install_scripts
Installing keyboard_teleop script to /root/workspaces/ros2_ws/install/keyboard_teleop/lib/keyboard_teleop
writing list of installed files to '/root/workspaces/ros2_ws/build/keyboard_teleop/install.log'
