[2.271s] Invoking command in '/root/workspaces/ros2_ws/src/keyboard_teleop': PYTHONPATH=/root/workspaces/ros2_ws/build/keyboard_teleop/prefix_override:/usr/lib/python3/dist-packages/colcon_core/task/python/colcon_distutils_commands:/root/workspaces/ros2_ws/install/keyboard_teleop/lib/python3.12/site-packages:${PYTHONPATH} /usr/bin/python3 -W ignore:setup.py install is deprecated -W ignore:easy_install command is deprecated setup.py egg_info --egg-base ../../build/keyboard_teleop build --build-base /root/workspaces/ros2_ws/build/keyboard_teleop/build install --record /root/workspaces/ros2_ws/build/keyboard_teleop/install.log --single-version-externally-managed install_data
[2.778s] running egg_info
[2.794s] creating ../../build/keyboard_teleop/keyboard_teleop.egg-info
[2.824s] writing ../../build/keyboard_teleop/keyboard_teleop.egg-info/PKG-INFO
[2.852s] writing dependency_links to ../../build/keyboard_teleop/keyboard_teleop.egg-info/dependency_links.txt
[2.883s] writing entry points to ../../build/keyboard_teleop/keyboard_teleop.egg-info/entry_points.txt
[2.888s] writing requirements to ../../build/keyboard_teleop/keyboard_teleop.egg-info/requires.txt
[2.904s] writing top-level names to ../../build/keyboard_teleop/keyboard_teleop.egg-info/top_level.txt
[2.933s] writing manifest file '../../build/keyboard_teleop/keyboard_teleop.egg-info/SOURCES.txt'
[3.087s] reading manifest file '../../build/keyboard_teleop/keyboard_teleop.egg-info/SOURCES.txt'
[3.112s] writing manifest file '../../build/keyboard_teleop/keyboard_teleop.egg-info/SOURCES.txt'
[3.134s] running build
[3.141s] running build_py
[3.141s] creating /root/workspaces/ros2_ws/build/keyboard_teleop/build
[3.141s] creating /root/workspaces/ros2_ws/build/keyboard_teleop/build/lib
[3.141s] creating /root/workspaces/ros2_ws/build/keyboard_teleop/build/lib/keyboard_teleop
[3.162s] copying keyboard_teleop/__init__.py -> /root/workspaces/ros2_ws/build/keyboard_teleop/build/lib/keyboard_teleop
[3.167s] running install
[3.186s] running install_lib
[3.243s] creating /root/workspaces/ros2_ws/install/keyboard_teleop/lib/python3.12/site-packages/keyboard_teleop
[3.260s] copying /root/workspaces/ros2_ws/build/keyboard_teleop/build/lib/keyboard_teleop/__init__.py -> /root/workspaces/ros2_ws/install/keyboard_teleop/lib/python3.12/site-packages/keyboard_teleop
[3.291s] byte-compiling /root/workspaces/ros2_ws/install/keyboard_teleop/lib/python3.12/site-packages/keyboard_teleop/__init__.py to __init__.cpython-312.pyc
[3.324s] running install_data
[3.346s] creating /root/workspaces/ros2_ws/install/keyboard_teleop/share/ament_index
[3.363s] creating /root/workspaces/ros2_ws/install/keyboard_teleop/share/ament_index/resource_index
[3.363s] creating /root/workspaces/ros2_ws/install/keyboard_teleop/share/ament_index/resource_index/packages
[3.363s] copying resource/keyboard_teleop -> /root/workspaces/ros2_ws/install/keyboard_teleop/share/ament_index/resource_index/packages
[3.393s] copying package.xml -> /root/workspaces/ros2_ws/install/keyboard_teleop/share/keyboard_teleop
[3.409s] running install_egg_info
[3.470s] Copying ../../build/keyboard_teleop/keyboard_teleop.egg-info to /root/workspaces/ros2_ws/install/keyboard_teleop/lib/python3.12/site-packages/keyboard_teleop-0.0.0-py3.12.egg-info
[3.731s] running install_scripts
[4.027s] Installing keyboard_teleop script to /root/workspaces/ros2_ws/install/keyboard_teleop/lib/keyboard_teleop
[4.052s] writing list of installed files to '/root/workspaces/ros2_ws/build/keyboard_teleop/install.log'
[4.115s] Invoked command in '/root/workspaces/ros2_ws/src/keyboard_teleop' returned '0': PYTHONPATH=/root/workspaces/ros2_ws/build/keyboard_teleop/prefix_override:/usr/lib/python3/dist-packages/colcon_core/task/python/colcon_distutils_commands:/root/workspaces/ros2_ws/install/keyboard_teleop/lib/python3.12/site-packages:${PYTHONPATH} /usr/bin/python3 -W ignore:setup.py install is deprecated -W ignore:easy_install command is deprecated setup.py egg_info --egg-base ../../build/keyboard_teleop build --build-base /root/workspaces/ros2_ws/build/keyboard_teleop/build install --record /root/workspaces/ros2_ws/build/keyboard_teleop/install.log --single-version-externally-managed install_data
