[1.834s] Invoking command in '/root/workspaces/ros2_ws/src/keyboard_teleop': PYTHONPATH=/root/workspaces/ros2_ws/build/keyboard_teleop/prefix_override:/usr/lib/python3/dist-packages/colcon_core/task/python/colcon_distutils_commands:/root/workspaces/ros2_ws/install/keyboard_teleop/lib/python3.12/site-packages:${PYTHONPATH} /usr/bin/python3 -W ignore:setup.py install is deprecated -W ignore:easy_install command is deprecated setup.py egg_info --egg-base ../../build/keyboard_teleop build --build-base /root/workspaces/ros2_ws/build/keyboard_teleop/build install --record /root/workspaces/ros2_ws/build/keyboard_teleop/install.log --single-version-externally-managed install_data
[2.488s] running egg_info
[2.549s] writing ../../build/keyboard_teleop/keyboard_teleop.egg-info/PKG-INFO
[2.577s] writing dependency_links to ../../build/keyboard_teleop/keyboard_teleop.egg-info/dependency_links.txt
[2.601s] writing entry points to ../../build/keyboard_teleop/keyboard_teleop.egg-info/entry_points.txt
[2.621s] writing requirements to ../../build/keyboard_teleop/keyboard_teleop.egg-info/requires.txt
[2.642s] writing top-level names to ../../build/keyboard_teleop/keyboard_teleop.egg-info/top_level.txt
[2.725s] reading manifest file '../../build/keyboard_teleop/keyboard_teleop.egg-info/SOURCES.txt'
[2.740s] writing manifest file '../../build/keyboard_teleop/keyboard_teleop.egg-info/SOURCES.txt'
[2.762s] running build
[2.784s] running build_py
[2.807s] running install
[2.829s] running install_lib
[2.852s] running install_data
[2.873s] running install_egg_info
[2.905s] removing '/root/workspaces/ros2_ws/install/keyboard_teleop/lib/python3.12/site-packages/keyboard_teleop-0.0.0-py3.12.egg-info' (and everything under it)
[2.970s] Copying ../../build/keyboard_teleop/keyboard_teleop.egg-info to /root/workspaces/ros2_ws/install/keyboard_teleop/lib/python3.12/site-packages/keyboard_teleop-0.0.0-py3.12.egg-info
[3.217s] running install_scripts
[3.616s] Installing keyboard_teleop script to /root/workspaces/ros2_ws/install/keyboard_teleop/lib/keyboard_teleop
[3.640s] writing list of installed files to '/root/workspaces/ros2_ws/build/keyboard_teleop/install.log'
[3.712s] Invoked command in '/root/workspaces/ros2_ws/src/keyboard_teleop' returned '0': PYTHONPATH=/root/workspaces/ros2_ws/build/keyboard_teleop/prefix_override:/usr/lib/python3/dist-packages/colcon_core/task/python/colcon_distutils_commands:/root/workspaces/ros2_ws/install/keyboard_teleop/lib/python3.12/site-packages:${PYTHONPATH} /usr/bin/python3 -W ignore:setup.py install is deprecated -W ignore:easy_install command is deprecated setup.py egg_info --egg-base ../../build/keyboard_teleop build --build-base /root/workspaces/ros2_ws/build/keyboard_teleop/build install --record /root/workspaces/ros2_ws/build/keyboard_teleop/install.log --single-version-externally-managed install_data
